
*** Running vivado
    with args -log flopr.vdi -applog -m64 -product Vivado -messageDb vivado.pb -mode batch -source flopr.tcl -notrace



****** Vivado v2024.2 (64-bit)
  **** SW Build 5239630 on Fri Nov 08 22:35:27 MST 2024
  **** IP Build 5239520 on Sun Nov 10 16:12:51 MST 2024
  **** SharedData Build 5239561 on Fri Nov 08 14:39:27 MST 2024
  **** Start of session at: Wed Aug 26 06:15:23 2026
    ** Copyright 1986-2022 Xilinx, Inc. All Rights Reserved.
    ** Copyright 2022-2024 Advanced Micro Devices, Inc. All Rights Reserved.

source flopr.tcl -notrace
Command: link_design -top flopr -part xc7s6ftgb196-1
Design is defaulting to srcset: sources_1
Design is defaulting to constrset: constrs_1
INFO: [Device 21-403] Loading part xc7s6ftgb196-1
Netlist sorting complete. Time (s): cpu = 00:00:00 ; elapsed = 00:00:00.001 . Memory (MB): peak = 452.961 ; gain = 0.000
INFO: [Project 1-479] Netlist was created with Vivado 2024.2
INFO: [Project 1-570] Preparing netlist for logic optimization
Read ShapeDB Complete: Time (s): cpu = 00:00:00 ; elapsed = 00:00:00.002 . Memory (MB): peak = 540.887 ; gain = 0.000
Netlist sorting complete. Time (s): cpu = 00:00:00 ; elapsed = 00:00:00 . Memory (MB): peak = 541.719 ; gain = 0.000
INFO: [Project 1-111] Unisim Transformation Summary:
No Unisim elements were transformed.

4 Infos, 0 Warnings, 0 Critical Warnings and 0 Errors encountered.
link_design completed successfully
Command: opt_design
Attempting to get a license for feature 'Implementation' and/or device 'xc7s6'
INFO: [Common 17-349] Got license for feature 'Implementation' and/or device 'xc7s6'
Running DRC as a precondition to command opt_design

Starting DRC Task
INFO: [DRC 23-27] Running DRC with 2 threads
INFO: [Project 1-461] DRC finished with 0 Errors
INFO: [Project 1-462] Please refer to the DRC report (report_drc) for more information.

Time (s): cpu = 00:00:00 ; elapsed = 00:00:00.557 . Memory (MB): peak = 600.934 ; gain = 30.359

Starting Cache Timing Information Task
INFO: [Timing 38-35] Done setting XDC timing constraints.
Ending Cache Timing Information Task | Checksum: 10515cd4f

Time (s): cpu = 00:00:04 ; elapsed = 00:00:04 . Memory (MB): peak = 1038.348 ; gain = 437.414

Starting Logic Optimization Task

Phase 1 Initialization

Phase 1.1 Core Generation And Design Setup
Phase 1.1 Core Generation And Design Setup | Checksum: 10515cd4f

Time (s): cpu = 00:00:00 ; elapsed = 00:00:00.001 . Memory (MB): peak = 1441.312 ; gain = 0.000

Phase 1.2 Setup Constraints And Sort Netlist
Phase 1.2 Setup Constraints And Sort Netlist | Checksum: 10515cd4f

Time (s): cpu = 00:00:00 ; elapsed = 00:00:00.001 . Memory (MB): peak = 1441.312 ; gain = 0.000
Phase 1 Initialization | Checksum: 10515cd4f

Time (s): cpu = 00:00:00 ; elapsed = 00:00:00.001 . Memory (MB): peak = 1441.312 ; gain = 0.000

Phase 2 Timer Update And Timing Data Collection

Phase 2.1 Timer Update
Phase 2.1 Timer Update | Checksum: 10515cd4f

Time (s): cpu = 00:00:00 ; elapsed = 00:00:00.004 . Memory (MB): peak = 1441.312 ; gain = 0.000

Phase 2.2 Timing Data Collection
Phase 2.2 Timing Data Collection | Checksum: 10515cd4f

Time (s): cpu = 00:00:00 ; elapsed = 00:00:00.010 . Memory (MB): peak = 1441.312 ; gain = 0.000
Phase 2 Timer Update And Timing Data Collection | Checksum: 10515cd4f

Time (s): cpu = 00:00:00 ; elapsed = 00:00:00.010 . Memory (MB): peak = 1441.312 ; gain = 0.000

Phase 3 Retarget
INFO: [Opt 31-1851] Number of loadless carry chains removed were: 0
INFO: [Opt 31-1834] Total Chains To Be Transformed Were: 0 AND Number of Transformed insts Created are: 0
INFO: [Opt 31-138] Pushed 0 inverter(s) to 0 load pin(s).
INFO: [Opt 31-49] Retargeted 0 cell(s).
Phase 3 Retarget | Checksum: 10515cd4f

Time (s): cpu = 00:00:00 ; elapsed = 00:00:00.035 . Memory (MB): peak = 1441.312 ; gain = 0.000
Retarget | Checksum: 10515cd4f
INFO: [Opt 31-389] Phase Retarget created 0 cells and removed 0 cells

Phase 4 Constant propagation
INFO: [Opt 31-138] Pushed 0 inverter(s) to 0 load pin(s).
Phase 4 Constant propagation | Checksum: 10515cd4f

Time (s): cpu = 00:00:00 ; elapsed = 00:00:00.036 . Memory (MB): peak = 1441.312 ; gain = 0.000
Constant propagation | Checksum: 10515cd4f
INFO: [Opt 31-389] Phase Constant propagation created 0 cells and removed 0 cells

Phase 5 Sweep
INFO: [Constraints 18-11670] Building netlist checker database with flags, 0x8
Done building netlist checker database: Time (s): cpu = 00:00:00 ; elapsed = 00:00:00 . Memory (MB): peak = 1441.312 ; gain = 0.000
Phase 5 Sweep | Checksum: 10515cd4f

Time (s): cpu = 00:00:00 ; elapsed = 00:00:00.038 . Memory (MB): peak = 1441.312 ; gain = 0.000
Sweep | Checksum: 10515cd4f
INFO: [Opt 31-389] Phase Sweep created 0 cells and removed 0 cells

Phase 6 BUFG optimization
Phase 6 BUFG optimization | Checksum: 10515cd4f

Time (s): cpu = 00:00:00 ; elapsed = 00:00:00.070 . Memory (MB): peak = 1441.312 ; gain = 0.000
BUFG optimization | Checksum: 10515cd4f
INFO: [Opt 31-662] Phase BUFG optimization created 0 cells of which 0 are BUFGs and removed 0 cells.

Phase 7 Shift Register Optimization
INFO: [Opt 31-1064] SRL Remap converted 0 SRLs to 0 registers and converted 0 registers of register chains to 0 SRLs
Phase 7 Shift Register Optimization | Checksum: 10515cd4f

Time (s): cpu = 00:00:00 ; elapsed = 00:00:00.071 . Memory (MB): peak = 1441.312 ; gain = 0.000
Shift Register Optimization | Checksum: 10515cd4f
INFO: [Opt 31-389] Phase Shift Register Optimization created 0 cells and removed 0 cells

Phase 8 Post Processing Netlist
Phase 8 Post Processing Netlist | Checksum: 10515cd4f

Time (s): cpu = 00:00:00 ; elapsed = 00:00:00.072 . Memory (MB): peak = 1441.312 ; gain = 0.000
Post Processing Netlist | Checksum: 10515cd4f
INFO: [Opt 31-389] Phase Post Processing Netlist created 0 cells and removed 0 cells

Phase 9 Finalization

Phase 9.1 Finalizing Design Cores and Updating Shapes
Phase 9.1 Finalizing Design Cores and Updating Shapes | Checksum: 10515cd4f

Time (s): cpu = 00:00:00 ; elapsed = 00:00:00.073 . Memory (MB): peak = 1441.312 ; gain = 0.000

Phase 9.2 Verifying Netlist Connectivity

Starting Connectivity Check Task

Time (s): cpu = 00:00:00 ; elapsed = 00:00:00.005 . Memory (MB): peak = 1441.312 ; gain = 0.000
Phase 9.2 Verifying Netlist Connectivity | Checksum: 10515cd4f

Time (s): cpu = 00:00:00 ; elapsed = 00:00:00.078 . Memory (MB): peak = 1441.312 ; gain = 0.000
Phase 9 Finalization | Checksum: 10515cd4f

Time (s): cpu = 00:00:00 ; elapsed = 00:00:00.078 . Memory (MB): peak = 1441.312 ; gain = 0.000
Opt_design Change Summary
=========================


-------------------------------------------------------------------------------------------------------------------------
|  Phase                        |  #Cells created  |  #Cells Removed  |  #Constrained objects preventing optimizations  |
-------------------------------------------------------------------------------------------------------------------------
|  Retarget                     |               0  |               0  |                                              0  |
|  Constant propagation         |               0  |               0  |                                              0  |
|  Sweep                        |               0  |               0  |                                              0  |
|  BUFG optimization            |               0  |               0  |                                              0  |
|  Shift Register Optimization  |               0  |               0  |                                              0  |
|  Post Processing Netlist      |               0  |               0  |                                              0  |
-------------------------------------------------------------------------------------------------------------------------


Ending Logic Optimization Task | Checksum: 10515cd4f

Time (s): cpu = 00:00:00 ; elapsed = 00:00:00.079 . Memory (MB): peak = 1441.312 ; gain = 0.000

Starting Power Optimization Task
INFO: [Pwropt 34-132] Skipping clock gating for clocks with a period < 2.00 ns.
Ending Power Optimization Task | Checksum: 10515cd4f

Time (s): cpu = 00:00:00 ; elapsed = 00:00:00.005 . Memory (MB): peak = 1441.312 ; gain = 0.000

Starting Final Cleanup Task
Ending Final Cleanup Task | Checksum: 10515cd4f

Time (s): cpu = 00:00:00 ; elapsed = 00:00:00 . Memory (MB): peak = 1441.312 ; gain = 0.000

Starting Netlist Obfuscation Task
Netlist sorting complete. Time (s): cpu = 00:00:00 ; elapsed = 00:00:00 . Memory (MB): peak = 1441.312 ; gain = 0.000
Ending Netlist Obfuscation Task | Checksum: 10515cd4f

Time (s): cpu = 00:00:00 ; elapsed = 00:00:00 . Memory (MB): peak = 1441.312 ; gain = 0.000
INFO: [Common 17-83] Releasing license: Implementation
24 Infos, 0 Warnings, 0 Critical Warnings and 0 Errors encountered.
opt_design completed successfully
opt_design: Time (s): cpu = 00:00:07 ; elapsed = 00:00:08 . Memory (MB): peak = 1441.312 ; gain = 870.738
INFO: [Vivado 12-24828] Executing command : report_drc -file flopr_drc_opted.rpt -pb flopr_drc_opted.pb -rpx flopr_drc_opted.rpx
Command: report_drc -file flopr_drc_opted.rpt -pb flopr_drc_opted.pb -rpx flopr_drc_opted.rpx
INFO: [IP_Flow 19-234] Refreshing IP repositories
INFO: [IP_Flow 19-1704] No user IP repositories specified
INFO: [IP_Flow 19-2313] Loaded Vivado IP repository 'E:/PC/FAMAF/AdC/Vivado/2024.2/data/ip'.
INFO: [DRC 23-27] Running DRC with 2 threads
INFO: [Vivado_Tcl 2-168] The results of DRC are in file E:/PC/FAMAF/AdC/AdC2026-P1-main/SingleCycleProcessor/SingleCycleProcessor.runs/impl_1/flopr_drc_opted.rpt.
report_drc completed successfully
Write ShapeDB Complete: Time (s): cpu = 00:00:00 ; elapsed = 00:00:00.001 . Memory (MB): peak = 1441.312 ; gain = 0.000
INFO: [Common 17-1381] The checkpoint 'E:/PC/FAMAF/AdC/AdC2026-P1-main/SingleCycleProcessor/SingleCycleProcessor.runs/impl_1/flopr_opt.dcp' has been generated.
Command: place_design
Attempting to get a license for feature 'Implementation' and/or device 'xc7s6'
INFO: [Common 17-349] Got license for feature 'Implementation' and/or device 'xc7s6'
INFO: [Common 17-83] Releasing license: Implementation
INFO: [DRC 23-27] Running DRC with 2 threads
INFO: [Vivado_Tcl 4-198] DRC finished with 0 Errors
INFO: [Vivado_Tcl 4-199] Please refer to the DRC report (report_drc) for more information.
Running DRC as a precondition to command place_design
INFO: [DRC 23-27] Running DRC with 2 threads
INFO: [Vivado_Tcl 4-198] DRC finished with 0 Errors
INFO: [Vivado_Tcl 4-199] Please refer to the DRC report (report_drc) for more information.
INFO: [Place 30-611] Multithreading enabled for place_design using a maximum of 2 CPUs

Starting Placer Task

Phase 1 Placer Initialization

Phase 1.1 Placer Initialization Netlist Sorting
Netlist sorting complete. Time (s): cpu = 00:00:00 ; elapsed = 00:00:00 . Memory (MB): peak = 1441.312 ; gain = 0.000
Phase 1.1 Placer Initialization Netlist Sorting | Checksum: 4a63187b

Time (s): cpu = 00:00:00 ; elapsed = 00:00:00.001 . Memory (MB): peak = 1441.312 ; gain = 0.000
Netlist sorting complete. Time (s): cpu = 00:00:00 ; elapsed = 00:00:00 . Memory (MB): peak = 1441.312 ; gain = 0.000

Phase 1.2 IO Placement/ Clock Placement/ Build Placer Device
ERROR: [Place 30-415] IO Placement failed due to overutilization. This design contains 130 I/O ports
 while the target  device: 7s6 package: ftgb196, contains only 100 available user I/O. The target device has 100 usable I/O pins of which 0 are already occupied by user-locked I/Os.
 To rectify this issue:
 1. Ensure you are targeting the correct device and package.  Select a larger device or different package if necessary.
 2. Check the top-level ports of the design to ensure the correct number of ports are specified.
 3. Consider design changes to reduce the number of I/Os necessary.
INFO: [Timing 38-35] Done setting XDC timing constraints.
ERROR: [Place 30-68] Instance clk_IBUF_BUFG_inst (BUFG) is not placed
ERROR: [Place 30-68] Instance clk_IBUF_inst (IBUF) is not placed
ERROR: [Place 30-68] Instance d_IBUF[0]_inst (IBUF) is not placed
ERROR: [Place 30-68] Instance d_IBUF[10]_inst (IBUF) is not placed
ERROR: [Place 30-68] Instance d_IBUF[11]_inst (IBUF) is not placed
ERROR: [Place 30-68] Instance d_IBUF[12]_inst (IBUF) is not placed
ERROR: [Place 30-68] Instance d_IBUF[13]_inst (IBUF) is not placed
ERROR: [Place 30-68] Instance d_IBUF[14]_inst (IBUF) is not placed
ERROR: [Place 30-68] Instance d_IBUF[15]_inst (IBUF) is not placed
ERROR: [Place 30-68] Instance d_IBUF[16]_inst (IBUF) is not placed
ERROR: [Place 30-68] Instance d_IBUF[17]_inst (IBUF) is not placed
ERROR: [Place 30-68] Instance d_IBUF[18]_inst (IBUF) is not placed
ERROR: [Place 30-68] Instance d_IBUF[19]_inst (IBUF) is not placed
ERROR: [Place 30-68] Instance d_IBUF[1]_inst (IBUF) is not placed
ERROR: [Place 30-68] Instance d_IBUF[20]_inst (IBUF) is not placed
ERROR: [Place 30-68] Instance d_IBUF[21]_inst (IBUF) is not placed
ERROR: [Place 30-68] Instance d_IBUF[22]_inst (IBUF) is not placed
ERROR: [Place 30-68] Instance d_IBUF[23]_inst (IBUF) is not placed
ERROR: [Place 30-68] Instance d_IBUF[24]_inst (IBUF) is not placed
ERROR: [Place 30-68] Instance d_IBUF[25]_inst (IBUF) is not placed
ERROR: [Place 30-68] Instance d_IBUF[26]_inst (IBUF) is not placed
ERROR: [Place 30-68] Instance d_IBUF[27]_inst (IBUF) is not placed
ERROR: [Place 30-68] Instance d_IBUF[28]_inst (IBUF) is not placed
ERROR: [Place 30-68] Instance d_IBUF[29]_inst (IBUF) is not placed
ERROR: [Place 30-68] Instance d_IBUF[2]_inst (IBUF) is not placed
ERROR: [Place 30-68] Instance d_IBUF[30]_inst (IBUF) is not placed
ERROR: [Place 30-68] Instance d_IBUF[31]_inst (IBUF) is not placed
ERROR: [Place 30-68] Instance d_IBUF[32]_inst (IBUF) is not placed
ERROR: [Place 30-68] Instance d_IBUF[33]_inst (IBUF) is not placed
ERROR: [Place 30-68] Instance d_IBUF[34]_inst (IBUF) is not placed
ERROR: [Place 30-68] Instance d_IBUF[35]_inst (IBUF) is not placed
ERROR: [Place 30-68] Instance d_IBUF[36]_inst (IBUF) is not placed
ERROR: [Place 30-68] Instance d_IBUF[37]_inst (IBUF) is not placed
ERROR: [Place 30-68] Instance d_IBUF[38]_inst (IBUF) is not placed
ERROR: [Place 30-68] Instance d_IBUF[39]_inst (IBUF) is not placed
ERROR: [Place 30-68] Instance d_IBUF[3]_inst (IBUF) is not placed
ERROR: [Place 30-68] Instance d_IBUF[40]_inst (IBUF) is not placed
ERROR: [Place 30-68] Instance d_IBUF[41]_inst (IBUF) is not placed
ERROR: [Place 30-68] Instance d_IBUF[42]_inst (IBUF) is not placed
ERROR: [Place 30-68] Instance d_IBUF[43]_inst (IBUF) is not placed
ERROR: [Place 30-68] Instance d_IBUF[44]_inst (IBUF) is not placed
ERROR: [Place 30-68] Instance d_IBUF[45]_inst (IBUF) is not placed
ERROR: [Place 30-68] Instance d_IBUF[46]_inst (IBUF) is not placed
ERROR: [Place 30-68] Instance d_IBUF[47]_inst (IBUF) is not placed
ERROR: [Place 30-68] Instance d_IBUF[48]_inst (IBUF) is not placed
ERROR: [Place 30-68] Instance d_IBUF[49]_inst (IBUF) is not placed
ERROR: [Place 30-68] Instance d_IBUF[4]_inst (IBUF) is not placed
ERROR: [Place 30-68] Instance d_IBUF[50]_inst (IBUF) is not placed
ERROR: [Place 30-68] Instance d_IBUF[51]_inst (IBUF) is not placed
ERROR: [Place 30-68] Instance d_IBUF[52]_inst (IBUF) is not placed
ERROR: [Place 30-68] Instance d_IBUF[53]_inst (IBUF) is not placed
ERROR: [Place 30-68] Instance d_IBUF[54]_inst (IBUF) is not placed
ERROR: [Place 30-68] Instance d_IBUF[55]_inst (IBUF) is not placed
ERROR: [Place 30-68] Instance d_IBUF[56]_inst (IBUF) is not placed
ERROR: [Place 30-68] Instance d_IBUF[57]_inst (IBUF) is not placed
ERROR: [Place 30-68] Instance d_IBUF[58]_inst (IBUF) is not placed
ERROR: [Place 30-68] Instance d_IBUF[59]_inst (IBUF) is not placed
ERROR: [Place 30-68] Instance d_IBUF[5]_inst (IBUF) is not placed
ERROR: [Place 30-68] Instance d_IBUF[60]_inst (IBUF) is not placed
ERROR: [Place 30-68] Instance d_IBUF[61]_inst (IBUF) is not placed
ERROR: [Place 30-68] Instance d_IBUF[62]_inst (IBUF) is not placed
ERROR: [Place 30-68] Instance d_IBUF[63]_inst (IBUF) is not placed
ERROR: [Place 30-68] Instance d_IBUF[6]_inst (IBUF) is not placed
ERROR: [Place 30-68] Instance d_IBUF[7]_inst (IBUF) is not placed
ERROR: [Place 30-68] Instance d_IBUF[8]_inst (IBUF) is not placed
ERROR: [Place 30-68] Instance d_IBUF[9]_inst (IBUF) is not placed
ERROR: [Place 30-68] Instance q_OBUF[0]_inst (OBUF) is not placed
ERROR: [Place 30-68] Instance q_OBUF[10]_inst (OBUF) is not placed
ERROR: [Place 30-68] Instance q_OBUF[11]_inst (OBUF) is not placed
ERROR: [Place 30-68] Instance q_OBUF[12]_inst (OBUF) is not placed
ERROR: [Place 30-68] Instance q_OBUF[13]_inst (OBUF) is not placed
ERROR: [Place 30-68] Instance q_OBUF[14]_inst (OBUF) is not placed
ERROR: [Place 30-68] Instance q_OBUF[15]_inst (OBUF) is not placed
ERROR: [Place 30-68] Instance q_OBUF[16]_inst (OBUF) is not placed
ERROR: [Place 30-68] Instance q_OBUF[17]_inst (OBUF) is not placed
ERROR: [Place 30-68] Instance q_OBUF[18]_inst (OBUF) is not placed
ERROR: [Place 30-68] Instance q_OBUF[19]_inst (OBUF) is not placed
ERROR: [Place 30-68] Instance q_OBUF[1]_inst (OBUF) is not placed
ERROR: [Place 30-68] Instance q_OBUF[20]_inst (OBUF) is not placed
ERROR: [Place 30-68] Instance q_OBUF[21]_inst (OBUF) is not placed
ERROR: [Place 30-68] Instance q_OBUF[22]_inst (OBUF) is not placed
ERROR: [Place 30-68] Instance q_OBUF[23]_inst (OBUF) is not placed
ERROR: [Place 30-68] Instance q_OBUF[24]_inst (OBUF) is not placed
ERROR: [Place 30-68] Instance q_OBUF[25]_inst (OBUF) is not placed
ERROR: [Place 30-68] Instance q_OBUF[26]_inst (OBUF) is not placed
ERROR: [Place 30-68] Instance q_OBUF[27]_inst (OBUF) is not placed
ERROR: [Place 30-68] Instance q_OBUF[28]_inst (OBUF) is not placed
ERROR: [Place 30-68] Instance q_OBUF[29]_inst (OBUF) is not placed
ERROR: [Place 30-68] Instance q_OBUF[2]_inst (OBUF) is not placed
ERROR: [Place 30-68] Instance q_OBUF[30]_inst (OBUF) is not placed
ERROR: [Place 30-68] Instance q_OBUF[31]_inst (OBUF) is not placed
ERROR: [Place 30-68] Instance q_OBUF[32]_inst (OBUF) is not placed
ERROR: [Place 30-68] Instance q_OBUF[33]_inst (OBUF) is not placed
ERROR: [Place 30-68] Instance q_OBUF[34]_inst (OBUF) is not placed
ERROR: [Place 30-68] Instance q_OBUF[35]_inst (OBUF) is not placed
ERROR: [Place 30-68] Instance q_OBUF[36]_inst (OBUF) is not placed
ERROR: [Place 30-68] Instance q_OBUF[37]_inst (OBUF) is not placed
ERROR: [Place 30-68] Instance q_OBUF[38]_inst (OBUF) is not placed
ERROR: [Place 30-68] Instance q_OBUF[39]_inst (OBUF) is not placed
ERROR: [Place 30-68] Instance q_OBUF[3]_inst (OBUF) is not placed
INFO: [Common 17-14] Message 'Place 30-68' appears 100 times and further instances of the messages will be disabled. Use the Tcl command set_msg_config to change the current settings.
Phase 1.2 IO Placement/ Clock Placement/ Build Placer Device | Checksum: 4a63187b

Time (s): cpu = 00:00:01 ; elapsed = 00:00:00.049 . Memory (MB): peak = 1441.312 ; gain = 0.000
Phase 1 Placer Initialization | Checksum: 4a63187b

Time (s): cpu = 00:00:01 ; elapsed = 00:00:00.049 . Memory (MB): peak = 1441.312 ; gain = 0.000
ERROR: [Place 30-99] Placer failed with error: 'IO Clock Placer failed'
Please review all ERROR, CRITICAL WARNING, and WARNING messages during placement to understand the cause for failure.
Ending Placer Task | Checksum: 4a63187b

Time (s): cpu = 00:00:01 ; elapsed = 00:00:00.050 . Memory (MB): peak = 1441.312 ; gain = 0.000
42 Infos, 0 Warnings, 0 Critical Warnings and 103 Errors encountered.
place_design failed
ERROR: [Common 17-69] Command failed: Placer could not place all instances
INFO: [Common 17-206] Exiting Vivado at Wed Aug 26 06:15:38 2026...
